// Jest Snapshot v1, https://goo.gl/fbAQLP

exports[`Connected ShippmentDetails Component should render ShippmentDetails component 1`] = `undefined`;
