// Jest Snapshot v1, https://goo.gl/fbAQLP

exports[`Connected ShippmentDetailView Component should render ShippmentDetailView component 1`] = `undefined`;
